

================================================================
== Vitis HLS Report for 'operator_mul'
================================================================
* Date:           Wed Feb  9 15:34:38 2022

* Version:        2021.2 (Build 3367213 on Tue Oct 19 02:47:39 MDT 2021)
* Project:        ban_s3
* Solution:       solution1 (Vivado IP Flow Target)
* Product family: zynquplus
* Target device:  xczu7ev-ffvc1156-2-e


================================================================
== Performance Estimates
================================================================
+ Timing: 
    * Summary: 
    +--------+----------+----------+------------+
    |  Clock |  Target  | Estimated| Uncertainty|
    +--------+----------+----------+------------+
    |ap_clk  |  10.00 ns|  7.016 ns|     2.70 ns|
    +--------+----------+----------+------------+

+ Latency: 
    * Summary: 
    +---------+---------+----------+----------+-----+-----+---------+
    |  Latency (cycles) |  Latency (absolute) |  Interval | Pipeline|
    |   min   |   max   |    min   |    max   | min | max |   Type  |
    +---------+---------+----------+----------+-----+-----+---------+
    |       12|       12|  0.120 us|  0.120 us|   12|   12|       no|
    +---------+---------+----------+----------+-----+-----+---------+

    + Detail: 
        * Instance: 
        N/A

        * Loop: 
        N/A



================================================================
== Utilization Estimates
================================================================
* Summary: 
+-----------------+---------+------+--------+--------+-----+
|       Name      | BRAM_18K|  DSP |   FF   |   LUT  | URAM|
+-----------------+---------+------+--------+--------+-----+
|DSP              |        -|     -|       -|       -|    -|
|Expression       |        -|     -|       0|     842|    -|
|FIFO             |        -|     -|       -|       -|    -|
|Instance         |        -|    22|    1222|    1238|    -|
|Memory           |        -|     -|       -|       -|    -|
|Multiplexer      |        -|     -|       -|     171|    -|
|Register         |        -|     -|     477|       -|    -|
+-----------------+---------+------+--------+--------+-----+
|Total            |        0|    22|    1699|    2251|    0|
+-----------------+---------+------+--------+--------+-----+
|Available        |      624|  1728|  460800|  230400|   96|
+-----------------+---------+------+--------+--------+-----+
|Utilization (%)  |        0|     1|      ~0|      ~0|    0|
+-----------------+---------+------+--------+--------+-----+

+ Detail: 
    * Instance: 
    +------------------------------------+--------------------------------+---------+----+-----+-----+-----+
    |              Instance              |             Module             | BRAM_18K| DSP|  FF | LUT | URAM|
    +------------------------------------+--------------------------------+---------+----+-----+-----+-----+
    |fadd_32ns_32ns_32_4_full_dsp_1_U64  |fadd_32ns_32ns_32_4_full_dsp_1  |        0|   2|  227|  214|    0|
    |fadd_32ns_32ns_32_4_full_dsp_1_U65  |fadd_32ns_32ns_32_4_full_dsp_1  |        0|   2|  227|  214|    0|
    |fcmp_32ns_32ns_1_2_no_dsp_1_U72     |fcmp_32ns_32ns_1_2_no_dsp_1     |        0|   0|    0|    0|    0|
    |fcmp_32ns_32ns_1_2_no_dsp_1_U73     |fcmp_32ns_32ns_1_2_no_dsp_1     |        0|   0|    0|    0|    0|
    |fcmp_32ns_32ns_1_2_no_dsp_1_U74     |fcmp_32ns_32ns_1_2_no_dsp_1     |        0|   0|    0|    0|    0|
    |fcmp_32ns_32ns_1_2_no_dsp_1_U75     |fcmp_32ns_32ns_1_2_no_dsp_1     |        0|   0|    0|    0|    0|
    |fcmp_32ns_32ns_1_2_no_dsp_1_U76     |fcmp_32ns_32ns_1_2_no_dsp_1     |        0|   0|    0|    0|    0|
    |fcmp_32ns_32ns_1_2_no_dsp_1_U77     |fcmp_32ns_32ns_1_2_no_dsp_1     |        0|   0|    0|    0|    0|
    |fmul_32ns_32ns_32_3_max_dsp_1_U66   |fmul_32ns_32ns_32_3_max_dsp_1   |        0|   3|  128|  135|    0|
    |fmul_32ns_32ns_32_3_max_dsp_1_U67   |fmul_32ns_32ns_32_3_max_dsp_1   |        0|   3|  128|  135|    0|
    |fmul_32ns_32ns_32_3_max_dsp_1_U68   |fmul_32ns_32ns_32_3_max_dsp_1   |        0|   3|  128|  135|    0|
    |fmul_32ns_32ns_32_3_max_dsp_1_U69   |fmul_32ns_32ns_32_3_max_dsp_1   |        0|   3|  128|  135|    0|
    |fmul_32ns_32ns_32_3_max_dsp_1_U70   |fmul_32ns_32ns_32_3_max_dsp_1   |        0|   3|  128|  135|    0|
    |fmul_32ns_32ns_32_3_max_dsp_1_U71   |fmul_32ns_32ns_32_3_max_dsp_1   |        0|   3|  128|  135|    0|
    +------------------------------------+--------------------------------+---------+----+-----+-----+-----+
    |Total                               |                                |        0|  22| 1222| 1238|    0|
    +------------------------------------+--------------------------------+---------+----+-----+-----+-----+

    * DSP: 
    N/A

    * Memory: 
    N/A

    * FIFO: 
    N/A

    * Expression: 
    +-------------------------+----------+----+---+----+------------+------------+
    |      Variable Name      | Operation| DSP| FF| LUT| Bitwidth P0| Bitwidth P1|
    +-------------------------+----------+----+---+----+------------+------------+
    |c_p_7_fu_693_p2          |         +|   0|  0|  39|          32|           2|
    |c_p_8_fu_745_p2          |         +|   0|  0|  39|          32|           3|
    |p_fu_452_p2              |         +|   0|  0|  39|          32|          32|
    |and_ln27_26_fu_472_p2    |       and|   0|  0|   2|           1|           1|
    |and_ln27_27_fu_482_p2    |       and|   0|  0|   2|           1|           1|
    |and_ln27_28_fu_492_p2    |       and|   0|  0|   2|           1|           1|
    |and_ln27_29_fu_502_p2    |       and|   0|  0|   2|           1|           1|
    |and_ln27_30_fu_508_p2    |       and|   0|  0|   2|           1|           1|
    |and_ln27_31_fu_529_p2    |       and|   0|  0|   2|           1|           1|
    |and_ln27_32_fu_535_p2    |       and|   0|  0|   2|           1|           1|
    |and_ln27_33_fu_540_p2    |       and|   0|  0|   2|           1|           1|
    |and_ln27_34_fu_546_p2    |       and|   0|  0|   2|           1|           1|
    |and_ln27_35_fu_570_p2    |       and|   0|  0|   2|           1|           1|
    |and_ln27_36_fu_750_p2    |       and|   0|  0|   2|           1|           1|
    |and_ln27_37_fu_755_p2    |       and|   0|  0|   2|           1|           1|
    |and_ln27_38_fu_773_p2    |       and|   0|  0|   2|           1|           1|
    |and_ln27_39_fu_778_p2    |       and|   0|  0|   2|           1|           1|
    |and_ln27_40_fu_581_p2    |       and|   0|  0|   2|           1|           1|
    |and_ln27_41_fu_587_p2    |       and|   0|  0|   2|           1|           1|
    |and_ln27_42_fu_836_p2    |       and|   0|  0|   2|           1|           1|
    |and_ln27_fu_462_p2       |       and|   0|  0|   2|           1|           1|
    |and_ln32_fu_634_p2       |       and|   0|  0|   2|           1|           1|
    |and_ln35_4_fu_767_p2     |       and|   0|  0|   2|           1|           1|
    |and_ln35_fu_681_p2       |       and|   0|  0|   2|           1|           1|
    |and_ln43_fu_733_p2       |       and|   0|  0|   2|           1|           1|
    |icmp_ln27_47_fu_186_p2   |      icmp|   0|  0|  11|           8|           2|
    |icmp_ln27_48_fu_192_p2   |      icmp|   0|  0|  16|          23|           1|
    |icmp_ln27_49_fu_235_p2   |      icmp|   0|  0|  11|           8|           2|
    |icmp_ln27_50_fu_241_p2   |      icmp|   0|  0|  16|          23|           1|
    |icmp_ln27_51_fu_283_p2   |      icmp|   0|  0|  11|           8|           2|
    |icmp_ln27_52_fu_289_p2   |      icmp|   0|  0|  16|          23|           1|
    |icmp_ln27_53_fu_343_p2   |      icmp|   0|  0|  11|           8|           2|
    |icmp_ln27_54_fu_349_p2   |      icmp|   0|  0|  16|          23|           1|
    |icmp_ln27_55_fu_392_p2   |      icmp|   0|  0|  11|           8|           2|
    |icmp_ln27_56_fu_398_p2   |      icmp|   0|  0|  16|          23|           1|
    |icmp_ln27_57_fu_440_p2   |      icmp|   0|  0|  11|           8|           2|
    |icmp_ln27_58_fu_446_p2   |      icmp|   0|  0|  16|          23|           1|
    |icmp_ln27_9_fu_299_p2    |      icmp|   0|  0|  20|          32|           1|
    |icmp_ln27_fu_142_p2      |      icmp|   0|  0|  20|          32|           1|
    |icmp_ln32_4_fu_622_p2    |      icmp|   0|  0|  16|          23|           1|
    |icmp_ln32_fu_616_p2      |      icmp|   0|  0|  11|           8|           2|
    |icmp_ln35_4_fu_669_p2    |      icmp|   0|  0|  16|          23|           1|
    |icmp_ln35_fu_663_p2      |      icmp|   0|  0|  11|           8|           2|
    |icmp_ln43_4_fu_721_p2    |      icmp|   0|  0|  16|          23|           1|
    |icmp_ln43_fu_715_p2      |      icmp|   0|  0|  11|           8|           2|
    |or_ln27_21_fu_468_p2     |        or|   0|  0|   2|           1|           1|
    |or_ln27_22_fu_478_p2     |        or|   0|  0|   2|           1|           1|
    |or_ln27_23_fu_488_p2     |        or|   0|  0|   2|           1|           1|
    |or_ln27_24_fu_498_p2     |        or|   0|  0|   2|           1|           1|
    |or_ln27_25_fu_525_p2     |        or|   0|  0|   2|           1|           1|
    |or_ln27_26_fu_564_p2     |        or|   0|  0|   2|           1|           1|
    |or_ln27_27_fu_593_p2     |        or|   0|  0|   2|           1|           1|
    |or_ln27_28_fu_818_p2     |        or|   0|  0|   2|           1|           1|
    |or_ln27_29_fu_823_p2     |        or|   0|  0|   2|           1|           1|
    |or_ln27_30_fu_855_p2     |        or|   0|  0|   2|           1|           1|
    |or_ln27_31_fu_869_p2     |        or|   0|  0|   2|           1|           1|
    |or_ln27_5_fu_520_p2      |        or|   0|  0|   2|           1|           1|
    |or_ln27_fu_458_p2        |        or|   0|  0|   2|           1|           1|
    |or_ln32_fu_628_p2        |        or|   0|  0|   2|           1|           1|
    |or_ln35_fu_675_p2        |        or|   0|  0|   2|           1|           1|
    |or_ln43_fu_727_p2        |        or|   0|  0|   2|           1|           1|
    |c_p_fu_875_p3            |    select|   0|  0|  32|           1|          32|
    |num_res_10_fu_798_p3     |    select|   0|  0|  32|           1|          32|
    |num_res_11_fu_804_p3     |    select|   0|  0|  32|           1|          32|
    |num_res_12_fu_811_p3     |    select|   0|  0|  32|           1|           1|
    |num_res_7_fu_761_p3      |    select|   0|  0|  32|           1|          32|
    |num_res_8_fu_784_p3      |    select|   0|  0|  32|           1|          32|
    |num_res_9_fu_791_p3      |    select|   0|  0|  32|           1|           1|
    |select_ln27_1_fu_841_p3  |    select|   0|  0|  32|           1|           1|
    |select_ln27_2_fu_848_p3  |    select|   0|  0|  32|           1|          32|
    |select_ln27_3_fu_861_p3  |    select|   0|  0|  32|           1|          32|
    |select_ln27_fu_829_p3    |    select|   0|  0|  32|           1|           1|
    |xor_ln27_4_fu_552_p2     |       xor|   0|  0|   2|           2|           1|
    |xor_ln27_5_fu_558_p2     |       xor|   0|  0|   2|           2|           1|
    |xor_ln27_6_fu_576_p2     |       xor|   0|  0|   2|           1|           2|
    |xor_ln27_fu_514_p2       |       xor|   0|  0|   2|           2|           1|
    |xor_ln32_fu_640_p2       |       xor|   0|  0|   2|           2|           1|
    |xor_ln35_fu_687_p2       |       xor|   0|  0|   2|           2|           1|
    |xor_ln43_fu_739_p2       |       xor|   0|  0|   2|           2|           1|
    +-------------------------+----------+----+---+----+------------+------------+
    |Total                    |          |   0|  0| 842|         501|         340|
    +-------------------------+----------+----+---+----+------------+------------+

    * Multiplexer: 
    +---------------+----+-----------+-----+-----------+
    |      Name     | LUT| Input Size| Bits| Total Bits|
    +---------------+----+-----------+-----+-----------+
    |ap_NS_fsm      |  65|         14|    1|         14|
    |ap_return_0    |   9|          2|   32|         64|
    |ap_return_1    |   9|          2|   32|         64|
    |ap_return_2    |   9|          2|   32|         64|
    |ap_return_3    |   9|          2|   32|         64|
    |grp_fu_108_p0  |  14|          3|   32|         96|
    |grp_fu_113_p0  |  14|          3|   32|         96|
    |grp_fu_118_p0  |  14|          3|   32|         96|
    |grp_fu_76_p0   |  14|          3|   32|         96|
    |grp_fu_76_p1   |  14|          3|   32|         96|
    +---------------+----+-----------+-----+-----------+
    |Total          | 171|         37|  289|        750|
    +---------------+----+-----------+-----+-----------+

    * Register: 
    +-----------------------+----+----+-----+-----------+
    |          Name         | FF | LUT| Bits| Const Bits|
    +-----------------------+----+----+-----+-----------+
    |add16_i_i_reg_1083     |  32|   0|   32|          0|
    |and_ln27_35_reg_1027   |   1|   0|    1|          0|
    |ap_CS_fsm              |  13|   0|   13|          0|
    |ap_return_0_preg       |  32|   0|   32|          0|
    |ap_return_1_preg       |  32|   0|   32|          0|
    |ap_return_2_preg       |  32|   0|   32|          0|
    |ap_return_3_preg       |  32|   0|   32|          0|
    |icmp_ln27_47_reg_920   |   1|   0|    1|          0|
    |icmp_ln27_48_reg_925   |   1|   0|    1|          0|
    |icmp_ln27_49_reg_937   |   1|   0|    1|          0|
    |icmp_ln27_50_reg_942   |   1|   0|    1|          0|
    |icmp_ln27_51_reg_953   |   1|   0|    1|          0|
    |icmp_ln27_52_reg_958   |   1|   0|    1|          0|
    |icmp_ln27_53_reg_977   |   1|   0|    1|          0|
    |icmp_ln27_54_reg_982   |   1|   0|    1|          0|
    |icmp_ln27_55_reg_994   |   1|   0|    1|          0|
    |icmp_ln27_56_reg_999   |   1|   0|    1|          0|
    |icmp_ln27_57_reg_1010  |   1|   0|    1|          0|
    |icmp_ln27_58_reg_1015  |   1|   0|    1|          0|
    |icmp_ln27_9_reg_963    |   1|   0|    1|          0|
    |icmp_ln27_reg_907      |   1|   0|    1|          0|
    |mul12_i_i_reg_1059     |  32|   0|   32|          0|
    |mul15_i_i_reg_1064     |  32|   0|   32|          0|
    |mul19_i_i_reg_1069     |  32|   0|   32|          0|
    |mul5_i_i_reg_1049      |  32|   0|   32|          0|
    |mul8_i_i_reg_1054      |  32|   0|   32|          0|
    |num_res_5_reg_1074     |  32|   0|   32|          0|
    |num_res_6_reg_1088     |  32|   0|   32|          0|
    |num_res_reg_1042       |  32|   0|   32|          0|
    |or_ln27_27_reg_1034    |   1|   0|    1|          0|
    |p_reg_1020             |  32|   0|   32|          0|
    +-----------------------+----+----+-----+-----------+
    |Total                  | 477|   0|  477|          0|
    +-----------------------+----+----+-----+-----------+



================================================================
== Interface
================================================================
* Summary: 
+-------------+-----+-----+------------+--------------+--------------+
|  RTL Ports  | Dir | Bits|  Protocol  | Source Object|    C Type    |
+-------------+-----+-----+------------+--------------+--------------+
|ap_clk       |   in|    1|  ap_ctrl_hs|     operator*|  return value|
|ap_rst       |   in|    1|  ap_ctrl_hs|     operator*|  return value|
|ap_start     |   in|    1|  ap_ctrl_hs|     operator*|  return value|
|ap_done      |  out|    1|  ap_ctrl_hs|     operator*|  return value|
|ap_idle      |  out|    1|  ap_ctrl_hs|     operator*|  return value|
|ap_ready     |  out|    1|  ap_ctrl_hs|     operator*|  return value|
|ap_return_0  |  out|   32|  ap_ctrl_hs|     operator*|  return value|
|ap_return_1  |  out|   32|  ap_ctrl_hs|     operator*|  return value|
|ap_return_2  |  out|   32|  ap_ctrl_hs|     operator*|  return value|
|ap_return_3  |  out|   32|  ap_ctrl_hs|     operator*|  return value|
|p_read14     |   in|  128|     ap_none|      p_read14|        scalar|
|p_read25     |   in|  128|     ap_none|      p_read25|        scalar|
+-------------+-----+-----+------------+--------------+--------------+

