#-----------------------------------------------------------
# xsim v2021.2 (64-bit)
# SW Build 3367213 on Tue Oct 19 02:47:39 MDT 2021
# IP Build 3369179 on Thu Oct 21 08:25:16 MDT 2021
# Start of session at: Fri Feb 11 12:37:33 2022
# Process ID: 12654
# Current directory: /home/lorenzo/Documents/PhD/GitHub/ArithmeticNonStandarNumbersLibrary/fpga/hls/ban_s3/solution1/sim/verilog
# Command line: xsim -source {xsim.dir/ban_interface/xsim_script.tcl}
# Log file: /home/lorenzo/Documents/PhD/GitHub/ArithmeticNonStandarNumbersLibrary/fpga/hls/ban_s3/solution1/sim/verilog/xsim.log
# Journal file: /home/lorenzo/Documents/PhD/GitHub/ArithmeticNonStandarNumbersLibrary/fpga/hls/ban_s3/solution1/sim/verilog/xsim.jou
# Running On: lorenzo-System-Product-Name, OS: Linux, CPU Frequency: 2355.183 MHz, CPU Physical cores: 8, Host memory: 33511 MB
#-----------------------------------------------------------
start_gui
source xsim.dir/ban_interface/xsim_script.tcl
open_wave_config ban_interface_dataflow_ana.wcfg
source ban_interface.tcl
save_wave_config {/home/lorenzo/Documents/PhD/GitHub/ArithmeticNonStandarNumbersLibrary/fpga/hls/ban_s3/solution1/sim/verilog/ban_interface.wcfg}
close_sim
