

================================================================
== Vitis HLS Report for 'ban_interface'
================================================================
* Date:           Tue Feb  8 15:34:53 2022

* Version:        2021.2 (Build 3367213 on Tue Oct 19 02:47:39 MDT 2021)
* Project:        ban_interface
* Solution:       solution1 (Vivado IP Flow Target)
* Product family: zynquplus
* Target device:  xczu7ev-ffvc1156-2-e


================================================================
== Performance Estimates
================================================================
+ Timing: 
    * Summary: 
    +--------+----------+----------+------------+
    |  Clock |  Target  | Estimated| Uncertainty|
    +--------+----------+----------+------------+
    |ap_clk  |  10.00 ns|  7.644 ns|     2.70 ns|
    +--------+----------+----------+------------+

+ Latency: 
    * Summary: 
    +---------+---------+----------+----------+-----+-----+---------+
    |  Latency (cycles) |  Latency (absolute) |  Interval | Pipeline|
    |   min   |   max   |    min   |    max   | min | max |   Type  |
    +---------+---------+----------+----------+-----+-----+---------+
    |        ?|        ?|         ?|         ?|    ?|    ?|       no|
    +---------+---------+----------+----------+-----+-----+---------+

    + Detail: 
        * Instance: 
        +-------------------------------------------------------+-------------------------------------------+---------+---------+-----------+-----------+-----+-----+---------+
        |                                                       |                                           |  Latency (cycles) |   Latency (absolute)  |  Interval | Pipeline|
        |                        Instance                       |                   Module                  |   min   |   max   |    min    |    max    | min | max |   Type  |
        +-------------------------------------------------------+-------------------------------------------+---------+---------+-----------+-----------+-----+-----+---------+
        |grp_operator_2_s_fu_1764                               |operator_2_s                               |        ?|        ?|          ?|          ?|    ?|    ?|       no|
        |grp_operator_2_fu_1772                                 |operator_2                                 |        ?|        ?|          ?|          ?|    ?|    ?|       no|
        |grp_operator_1_fu_1780                                 |operator_1                                 |        ?|        ?|          ?|          ?|    ?|    ?|       no|
        |grp_operator_3_fu_1788                                 |operator_3                                 |        ?|        ?|          ?|          ?|    ?|    ?|       no|
        |grp_operator_1_s_fu_1798                               |operator_1_s                               |        ?|        ?|          ?|          ?|    ?|    ?|       no|
        |grp_ban_interface_Pipeline_VITIS_LOOP_410_122_fu_1806  |ban_interface_Pipeline_VITIS_LOOP_410_122  |        5|        5|  50.000 ns|  50.000 ns|    5|    5|       no|
        |grp_ban_interface_Pipeline_VITIS_LOOP_374_121_fu_1812  |ban_interface_Pipeline_VITIS_LOOP_374_121  |        5|        5|  50.000 ns|  50.000 ns|    5|    5|       no|
        |grp_ban_interface_Pipeline_VITIS_LOOP_410_120_fu_1818  |ban_interface_Pipeline_VITIS_LOOP_410_120  |        5|        5|  50.000 ns|  50.000 ns|    5|    5|       no|
        |grp_ban_interface_Pipeline_VITIS_LOOP_374_119_fu_1824  |ban_interface_Pipeline_VITIS_LOOP_374_119  |        5|        5|  50.000 ns|  50.000 ns|    5|    5|       no|
        |grp_ban_interface_Pipeline_VITIS_LOOP_68_118_fu_1830   |ban_interface_Pipeline_VITIS_LOOP_68_118   |        5|        5|  50.000 ns|  50.000 ns|    5|    5|       no|
        |grp_ban_interface_Pipeline_VITIS_LOOP_68_117_fu_1836   |ban_interface_Pipeline_VITIS_LOOP_68_117   |        5|        5|  50.000 ns|  50.000 ns|    5|    5|       no|
        |grp_ban_interface_Pipeline_VITIS_LOOP_374_116_fu_1842  |ban_interface_Pipeline_VITIS_LOOP_374_116  |        5|        5|  50.000 ns|  50.000 ns|    5|    5|       no|
        |grp_ban_interface_Pipeline_VITIS_LOOP_410_115_fu_1848  |ban_interface_Pipeline_VITIS_LOOP_410_115  |        5|        5|  50.000 ns|  50.000 ns|    5|    5|       no|
        |grp_ban_interface_Pipeline_VITIS_LOOP_410_1_fu_1854    |ban_interface_Pipeline_VITIS_LOOP_410_1    |        5|        5|  50.000 ns|  50.000 ns|    5|    5|       no|
        |grp_ban_interface_Pipeline_VITIS_LOOP_374_1_fu_1860    |ban_interface_Pipeline_VITIS_LOOP_374_1    |        5|        5|  50.000 ns|  50.000 ns|    5|    5|       no|
        |grp_ban_interface_Pipeline_VITIS_LOOP_68_114_fu_1866   |ban_interface_Pipeline_VITIS_LOOP_68_114   |        5|        5|  50.000 ns|  50.000 ns|    5|    5|       no|
        |grp_ban_interface_Pipeline_VITIS_LOOP_68_1_fu_1872     |ban_interface_Pipeline_VITIS_LOOP_68_1     |        5|        5|  50.000 ns|  50.000 ns|    5|    5|       no|
        |grp_operator_div_fu_1878                               |operator_div                               |        ?|        ?|          ?|          ?|    ?|    ?|       no|
        |grp_ban_interface_Pipeline_VITIS_LOOP_84_111_fu_1884   |ban_interface_Pipeline_VITIS_LOOP_84_111   |        ?|        ?|          ?|          ?|    ?|    ?|       no|
        |grp_ban_interface_Pipeline_VITIS_LOOP_92_212_fu_1892   |ban_interface_Pipeline_VITIS_LOOP_92_212   |        3|        5|  30.000 ns|  50.000 ns|    3|    5|       no|
        |grp_ban_interface_Pipeline_VITIS_LOOP_104_313_fu_1904  |ban_interface_Pipeline_VITIS_LOOP_104_313  |        ?|        ?|          ?|          ?|    ?|    ?|       no|
        |grp_operator_add_fu_1920                               |operator_add                               |        ?|        ?|          ?|          ?|    ?|    ?|       no|
        |grp_ban_interface_Pipeline_VITIS_LOOP_84_18_fu_1929    |ban_interface_Pipeline_VITIS_LOOP_84_18    |        ?|        ?|          ?|          ?|    ?|    ?|       no|
        |grp_ban_interface_Pipeline_VITIS_LOOP_92_29_fu_1937    |ban_interface_Pipeline_VITIS_LOOP_92_29    |        3|        5|  30.000 ns|  50.000 ns|    3|    5|       no|
        |grp_ban_interface_Pipeline_VITIS_LOOP_104_310_fu_1949  |ban_interface_Pipeline_VITIS_LOOP_104_310  |        ?|        ?|          ?|          ?|    ?|    ?|       no|
        |grp_ban_interface_Pipeline_VITIS_LOOP_84_1_fu_1965     |ban_interface_Pipeline_VITIS_LOOP_84_1     |        ?|        ?|          ?|          ?|    ?|    ?|       no|
        |grp_ban_interface_Pipeline_VITIS_LOOP_92_2_fu_1973     |ban_interface_Pipeline_VITIS_LOOP_92_2     |        3|        5|  30.000 ns|  50.000 ns|    3|    5|       no|
        |grp_ban_interface_Pipeline_VITIS_LOOP_104_3_fu_1985    |ban_interface_Pipeline_VITIS_LOOP_104_3    |        ?|        ?|          ?|          ?|    ?|    ?|       no|
        |grp_ban_interface_Pipeline_VITIS_LOOP_335_17_fu_2001   |ban_interface_Pipeline_VITIS_LOOP_335_17   |        6|        6|  60.000 ns|  60.000 ns|    6|    6|       no|
        |grp_ban_interface_Pipeline_VITIS_LOOP_335_16_fu_2008   |ban_interface_Pipeline_VITIS_LOOP_335_16   |        6|        6|  60.000 ns|  60.000 ns|    6|    6|       no|
        |grp_ban_interface_Pipeline_VITIS_LOOP_335_15_fu_2015   |ban_interface_Pipeline_VITIS_LOOP_335_15   |        6|        6|  60.000 ns|  60.000 ns|    6|    6|       no|
        |grp_ban_interface_Pipeline_VITIS_LOOP_335_1_fu_2022    |ban_interface_Pipeline_VITIS_LOOP_335_1    |        6|        6|  60.000 ns|  60.000 ns|    6|    6|       no|
        |grp_ban_interface_Pipeline_VITIS_LOOP_53_14_fu_2029    |ban_interface_Pipeline_VITIS_LOOP_53_14    |        6|        6|  60.000 ns|  60.000 ns|    6|    6|       no|
        |grp_ban_interface_Pipeline_VITIS_LOOP_53_1_fu_2036     |ban_interface_Pipeline_VITIS_LOOP_53_1     |        6|        6|  60.000 ns|  60.000 ns|    6|    6|       no|
        |grp_sqrt_fu_2043                                       |sqrt                                       |        3|       75|  30.000 ns|   0.750 us|    3|   75|       no|
        |grp_mul_body_fu_2048                                   |mul_body                                   |        ?|        ?|          ?|          ?|    ?|    ?|       no|
        +-------------------------------------------------------+-------------------------------------------+---------+---------+-----------+-----------+-----+-----+---------+

        * Loop: 
        N/A



================================================================
== Utilization Estimates
================================================================
* Summary: 
+-----------------+---------+------+--------+--------+-----+
|       Name      | BRAM_18K|  DSP |   FF   |   LUT  | URAM|
+-----------------+---------+------+--------+--------+-----+
|DSP              |        -|     -|       -|       -|    -|
|Expression       |        -|     -|       0|    2366|    -|
|FIFO             |        -|     -|       -|       -|    -|
|Instance         |        0|    87|   27098|   77816|    0|
|Memory           |        -|     -|       -|       -|    -|
|Multiplexer      |        -|     -|       -|    4444|    -|
|Register         |        -|     -|    3123|       -|    -|
+-----------------+---------+------+--------+--------+-----+
|Total            |        0|    87|   30221|   84626|    0|
+-----------------+---------+------+--------+--------+-----+
|Available        |      624|  1728|  460800|  230400|   96|
+-----------------+---------+------+--------+--------+-----+
|Utilization (%)  |        0|     5|       6|      36|    0|
+-----------------+---------+------+--------+--------+-----+

+ Detail: 
    * Instance: 
    +-------------------------------------------------------+-------------------------------------------+---------+----+------+------+-----+
    |                        Instance                       |                   Module                  | BRAM_18K| DSP|  FF  |  LUT | URAM|
    +-------------------------------------------------------+-------------------------------------------+---------+----+------+------+-----+
    |grp_ban_interface_Pipeline_VITIS_LOOP_104_3_fu_1985    |ban_interface_Pipeline_VITIS_LOOP_104_3    |        0|   0|   166|   162|    0|
    |grp_ban_interface_Pipeline_VITIS_LOOP_104_310_fu_1949  |ban_interface_Pipeline_VITIS_LOOP_104_310  |        0|   0|   166|   162|    0|
    |grp_ban_interface_Pipeline_VITIS_LOOP_104_313_fu_1904  |ban_interface_Pipeline_VITIS_LOOP_104_313  |        0|   0|   166|   162|    0|
    |grp_ban_interface_Pipeline_VITIS_LOOP_335_1_fu_2022    |ban_interface_Pipeline_VITIS_LOOP_335_1    |        0|   0|    77|  2277|    0|
    |grp_ban_interface_Pipeline_VITIS_LOOP_335_15_fu_2015   |ban_interface_Pipeline_VITIS_LOOP_335_15   |        0|   0|    77|  2277|    0|
    |grp_ban_interface_Pipeline_VITIS_LOOP_335_16_fu_2008   |ban_interface_Pipeline_VITIS_LOOP_335_16   |        0|   0|    77|  2277|    0|
    |grp_ban_interface_Pipeline_VITIS_LOOP_335_17_fu_2001   |ban_interface_Pipeline_VITIS_LOOP_335_17   |        0|   0|    77|  2277|    0|
    |grp_ban_interface_Pipeline_VITIS_LOOP_374_1_fu_1860    |ban_interface_Pipeline_VITIS_LOOP_374_1    |        0|   0|    45|  1689|    0|
    |grp_ban_interface_Pipeline_VITIS_LOOP_374_116_fu_1842  |ban_interface_Pipeline_VITIS_LOOP_374_116  |        0|   0|    45|  1689|    0|
    |grp_ban_interface_Pipeline_VITIS_LOOP_374_119_fu_1824  |ban_interface_Pipeline_VITIS_LOOP_374_119  |        0|   0|    45|  1689|    0|
    |grp_ban_interface_Pipeline_VITIS_LOOP_374_121_fu_1812  |ban_interface_Pipeline_VITIS_LOOP_374_121  |        0|   0|    45|  1689|    0|
    |grp_ban_interface_Pipeline_VITIS_LOOP_410_1_fu_1854    |ban_interface_Pipeline_VITIS_LOOP_410_1    |        0|   0|    45|  1689|    0|
    |grp_ban_interface_Pipeline_VITIS_LOOP_410_115_fu_1848  |ban_interface_Pipeline_VITIS_LOOP_410_115  |        0|   0|    45|  1689|    0|
    |grp_ban_interface_Pipeline_VITIS_LOOP_410_120_fu_1818  |ban_interface_Pipeline_VITIS_LOOP_410_120  |        0|   0|    45|  1689|    0|
    |grp_ban_interface_Pipeline_VITIS_LOOP_410_122_fu_1806  |ban_interface_Pipeline_VITIS_LOOP_410_122  |        0|   0|    45|  1689|    0|
    |grp_ban_interface_Pipeline_VITIS_LOOP_53_1_fu_2036     |ban_interface_Pipeline_VITIS_LOOP_53_1     |        0|   0|    82|  2252|    0|
    |grp_ban_interface_Pipeline_VITIS_LOOP_53_14_fu_2029    |ban_interface_Pipeline_VITIS_LOOP_53_14    |        0|   0|    82|  2252|    0|
    |grp_ban_interface_Pipeline_VITIS_LOOP_68_1_fu_1872     |ban_interface_Pipeline_VITIS_LOOP_68_1     |        0|   0|    46|  1670|    0|
    |grp_ban_interface_Pipeline_VITIS_LOOP_68_114_fu_1866   |ban_interface_Pipeline_VITIS_LOOP_68_114   |        0|   0|    46|  1670|    0|
    |grp_ban_interface_Pipeline_VITIS_LOOP_68_117_fu_1836   |ban_interface_Pipeline_VITIS_LOOP_68_117   |        0|   0|    46|  1670|    0|
    |grp_ban_interface_Pipeline_VITIS_LOOP_68_118_fu_1830   |ban_interface_Pipeline_VITIS_LOOP_68_118   |        0|   0|    46|  1670|    0|
    |grp_ban_interface_Pipeline_VITIS_LOOP_84_1_fu_1965     |ban_interface_Pipeline_VITIS_LOOP_84_1     |        0|   0|    75|   178|    0|
    |grp_ban_interface_Pipeline_VITIS_LOOP_84_111_fu_1884   |ban_interface_Pipeline_VITIS_LOOP_84_111   |        0|   0|    75|   178|    0|
    |grp_ban_interface_Pipeline_VITIS_LOOP_84_18_fu_1929    |ban_interface_Pipeline_VITIS_LOOP_84_18    |        0|   0|    75|   178|    0|
    |grp_ban_interface_Pipeline_VITIS_LOOP_92_2_fu_1973     |ban_interface_Pipeline_VITIS_LOOP_92_2     |        0|   0|   200|   139|    0|
    |grp_ban_interface_Pipeline_VITIS_LOOP_92_212_fu_1892   |ban_interface_Pipeline_VITIS_LOOP_92_212   |        0|   0|   200|   139|    0|
    |grp_ban_interface_Pipeline_VITIS_LOOP_92_29_fu_1937    |ban_interface_Pipeline_VITIS_LOOP_92_29    |        0|   0|   200|   139|    0|
    |fadd_32ns_32ns_32_4_full_dsp_1_U594                    |fadd_32ns_32ns_32_4_full_dsp_1             |        0|   2|   227|   214|    0|
    |fadd_32ns_32ns_32_4_full_dsp_1_U595                    |fadd_32ns_32ns_32_4_full_dsp_1             |        0|   2|   227|   214|    0|
    |fadd_32ns_32ns_32_4_full_dsp_1_U596                    |fadd_32ns_32ns_32_4_full_dsp_1             |        0|   2|   227|   214|    0|
    |fcmp_32ns_32ns_1_2_no_dsp_1_U592                       |fcmp_32ns_32ns_1_2_no_dsp_1                |        0|   0|     0|     0|    0|
    |fcmp_32ns_32ns_1_2_no_dsp_1_U593                       |fcmp_32ns_32ns_1_2_no_dsp_1                |        0|   0|     0|     0|    0|
    |fdiv_32ns_32ns_32_9_no_dsp_1_U597                      |fdiv_32ns_32ns_32_9_no_dsp_1               |        0|   0|     0|     0|    0|
    |fmul_32ns_32ns_32_3_max_dsp_1_U590                     |fmul_32ns_32ns_32_3_max_dsp_1              |        0|   3|   128|   135|    0|
    |fmul_32ns_32ns_32_3_max_dsp_1_U591                     |fmul_32ns_32ns_32_3_max_dsp_1              |        0|   3|   128|   135|    0|
    |grp_mul_body_fu_2048                                   |mul_body                                   |        0|  15|  2967|  7643|    0|
    |grp_operator_1_fu_1780                                 |operator_1                                 |        0|  36|  6810|  7234|    0|
    |grp_operator_1_s_fu_1798                               |operator_1_s                               |        0|   2|  1782|  4433|    0|
    |grp_operator_2_fu_1772                                 |operator_2                                 |        0|   2|  1528|  3377|    0|
    |grp_operator_2_s_fu_1764                               |operator_2_s                               |        0|   0|  1021|   992|    0|
    |grp_operator_3_fu_1788                                 |operator_3                                 |        0|   2|  2510|  6603|    0|
    |grp_operator_add_fu_1920                               |operator_add                               |        0|   0|  1174|  1383|    0|
    |grp_operator_div_fu_1878                               |operator_div                               |        0|  15|  3787|  5059|    0|
    |grp_sqrt_fu_2043                                       |sqrt                                       |        0|   3|  2243|  4939|    0|
    +-------------------------------------------------------+-------------------------------------------+---------+----+------+------+-----+
    |Total                                                  |                                           |        0|  87| 27098| 77816|    0|
    +-------------------------------------------------------+-------------------------------------------+---------+----+------+------+-----+

    * DSP: 
    N/A

    * Memory: 
    N/A

    * FIFO: 
    N/A

    * Expression: 
    +-----------------------------------+----------+----+---+----+------------+------------+
    |           Variable Name           | Operation| DSP| FF| LUT| Bitwidth P0| Bitwidth P1|
    +-----------------------------------+----------+----+---+----+------------+------------+
    |add_ln104_1_fu_4668_p2             |         +|   0|  0|  10|           3|           1|
    |add_ln104_2_fu_4326_p2             |         +|   0|  0|  10|           3|           1|
    |add_ln104_fu_4881_p2               |         +|   0|  0|  10|           3|           1|
    |base_16_fu_4630_p2                 |         +|   0|  0|   9|           2|           1|
    |base_17_fu_4288_p2                 |         +|   0|  0|   9|           2|           1|
    |base_fu_4843_p2                    |         +|   0|  0|   9|           2|           1|
    |tmp_229_fu_4860_p2                 |         +|   0|  0|  39|          32|          32|
    |tmp_233_fu_4647_p2                 |         +|   0|  0|  39|          32|          32|
    |tmp_240_fu_4305_p2                 |         +|   0|  0|  39|          32|          32|
    |sub_ln92_1_fu_4625_p2              |         -|   0|  0|  10|           3|           2|
    |sub_ln92_2_fu_4283_p2              |         -|   0|  0|  10|           3|           2|
    |sub_ln92_fu_4838_p2                |         -|   0|  0|  10|           3|           2|
    |and_ln321_10_fu_5011_p2            |       and|   0|  0|   2|           1|           1|
    |and_ln321_11_fu_4954_p2            |       and|   0|  0|   2|           1|           1|
    |and_ln321_4_fu_5097_p2             |       and|   0|  0|   2|           1|           1|
    |and_ln321_5_fu_5046_p2             |       and|   0|  0|   2|           1|           1|
    |and_ln321_6_fu_4995_p2             |       and|   0|  0|   2|           1|           1|
    |and_ln321_8_fu_5113_p2             |       and|   0|  0|   2|           1|           1|
    |and_ln321_9_fu_5062_p2             |       and|   0|  0|   2|           1|           1|
    |and_ln328_10_fu_4989_p2            |       and|   0|  0|   2|           1|           1|
    |and_ln328_11_fu_4937_p2            |       and|   0|  0|   2|           1|           1|
    |and_ln328_4_fu_5075_p2             |       and|   0|  0|   2|           1|           1|
    |and_ln328_5_fu_5024_p2             |       and|   0|  0|   2|           1|           1|
    |and_ln328_6_fu_4973_p2             |       and|   0|  0|   2|           1|           1|
    |and_ln328_8_fu_5091_p2             |       and|   0|  0|   2|           1|           1|
    |and_ln328_9_fu_5040_p2             |       and|   0|  0|   2|           1|           1|
    |and_ln350_1_fu_3643_p2             |       and|   0|  0|   2|           1|           1|
    |and_ln350_2_fu_3386_p2             |       and|   0|  0|   2|           1|           1|
    |and_ln350_3_fu_3124_p2             |       and|   0|  0|   2|           1|           1|
    |and_ln350_fu_4030_p2               |       and|   0|  0|   2|           1|           1|
    |and_ln361_1_fu_3626_p2             |       and|   0|  0|   2|           1|           1|
    |and_ln361_2_fu_3369_p2             |       and|   0|  0|   2|           1|           1|
    |and_ln361_3_fu_3107_p2             |       and|   0|  0|   2|           1|           1|
    |and_ln361_fu_4013_p2               |       and|   0|  0|   2|           1|           1|
    |and_ln367_2_fu_3569_p2             |       and|   0|  0|   2|           1|           1|
    |and_ln367_4_fu_3312_p2             |       and|   0|  0|   2|           1|           1|
    |and_ln367_6_fu_3050_p2             |       and|   0|  0|   2|           1|           1|
    |and_ln367_fu_3956_p2               |       and|   0|  0|   2|           1|           1|
    |and_ln386_1_fu_3774_p2             |       and|   0|  0|   2|           1|           1|
    |and_ln386_2_fu_3255_p2             |       and|   0|  0|   2|           1|           1|
    |and_ln386_3_fu_2993_p2             |       and|   0|  0|   2|           1|           1|
    |and_ln386_fu_3905_p2               |       and|   0|  0|   2|           1|           1|
    |and_ln397_1_fu_3757_p2             |       and|   0|  0|   2|           1|           1|
    |and_ln397_2_fu_3238_p2             |       and|   0|  0|   2|           1|           1|
    |and_ln397_3_fu_2976_p2             |       and|   0|  0|   2|           1|           1|
    |and_ln397_fu_3888_p2               |       and|   0|  0|   2|           1|           1|
    |and_ln403_2_fu_3700_p2             |       and|   0|  0|   2|           1|           1|
    |and_ln403_4_fu_3181_p2             |       and|   0|  0|   2|           1|           1|
    |and_ln403_6_fu_2919_p2             |       and|   0|  0|   2|           1|           1|
    |and_ln403_fu_3831_p2               |       and|   0|  0|   2|           1|           1|
    |and_ln421_fu_5184_p2               |       and|   0|  0|   2|           1|           1|
    |and_ln61_10_fu_3449_p2             |       and|   0|  0|   2|           1|           1|
    |and_ln61_11_fu_5429_p2             |       and|   0|  0|   2|           1|           1|
    |and_ln61_12_fu_5302_p2             |       and|   0|  0|   2|           1|           1|
    |and_ln61_2_fu_5276_p2              |       and|   0|  0|   2|           1|           1|
    |and_ln61_3_fu_4147_p2              |       and|   0|  0|   2|           1|           1|
    |and_ln61_4_fu_4153_p2              |       and|   0|  0|   2|           1|           1|
    |and_ln61_5_fu_4081_p2              |       and|   0|  0|   2|           1|           1|
    |and_ln61_6_fu_4087_p2              |       and|   0|  0|   2|           1|           1|
    |and_ln61_7_fu_3509_p2              |       and|   0|  0|   2|           1|           1|
    |and_ln61_8_fu_3515_p2              |       and|   0|  0|   2|           1|           1|
    |and_ln61_9_fu_3443_p2              |       and|   0|  0|   2|           1|           1|
    |and_ln61_fu_5403_p2                |       and|   0|  0|   2|           1|           1|
    |and_ln77_1_fu_4586_p2              |       and|   0|  0|   2|           1|           1|
    |and_ln77_2_fu_4244_p2              |       and|   0|  0|   2|           1|           1|
    |and_ln77_fu_4799_p2                |       and|   0|  0|   2|           1|           1|
    |ap_block_state214_on_subcall_done  |       and|   0|  0|   2|           1|           1|
    |ap_predicate_op1040_fcmp_state110  |       and|   0|  0|   2|           1|           1|
    |ap_predicate_op1067_fcmp_state116  |       and|   0|  0|   2|           1|           1|
    |ap_predicate_op294_fcmp_state1     |       and|   0|  0|   2|           1|           1|
    |ap_predicate_op295_fcmp_state1     |       and|   0|  0|   2|           1|           1|
    |ap_predicate_op303_fcmp_state1     |       and|   0|  0|   2|           1|           1|
    |ap_predicate_op304_fcmp_state1     |       and|   0|  0|   2|           1|           1|
    |ap_predicate_op312_fcmp_state1     |       and|   0|  0|   2|           1|           1|
    |ap_predicate_op313_fcmp_state1     |       and|   0|  0|   2|           1|           1|
    |ap_predicate_op321_fcmp_state1     |       and|   0|  0|   2|           1|           1|
    |ap_predicate_op322_fcmp_state1     |       and|   0|  0|   2|           1|           1|
    |ap_predicate_op328_fcmp_state1     |       and|   0|  0|   2|           1|           1|
    |ap_predicate_op334_fcmp_state1     |       and|   0|  0|   2|           1|           1|
    |ap_predicate_op342_fcmp_state1     |       and|   0|  0|   2|           1|           1|
    |ap_predicate_op343_fcmp_state1     |       and|   0|  0|   2|           1|           1|
    |ap_predicate_op351_fcmp_state1     |       and|   0|  0|   2|           1|           1|
    |ap_predicate_op352_fcmp_state1     |       and|   0|  0|   2|           1|           1|
    |ap_predicate_op360_fcmp_state1     |       and|   0|  0|   2|           1|           1|
    |ap_predicate_op361_fcmp_state1     |       and|   0|  0|   2|           1|           1|
    |ap_predicate_op369_fcmp_state1     |       and|   0|  0|   2|           1|           1|
    |ap_predicate_op370_fcmp_state1     |       and|   0|  0|   2|           1|           1|
    |ap_predicate_op376_fcmp_state1     |       and|   0|  0|   2|           1|           1|
    |ap_predicate_op382_fcmp_state1     |       and|   0|  0|   2|           1|           1|
    |ap_predicate_op404_fcmp_state1     |       and|   0|  0|   2|           1|           1|
    |ap_predicate_op407_fcmp_state1     |       and|   0|  0|   2|           1|           1|
    |ap_predicate_op416_fcmp_state1     |       and|   0|  0|   2|           1|           1|
    |ap_predicate_op419_fcmp_state1     |       and|   0|  0|   2|           1|           1|
    |ap_predicate_op428_fcmp_state1     |       and|   0|  0|   2|           1|           1|
    |ap_predicate_op431_fcmp_state1     |       and|   0|  0|   2|           1|           1|
    |ap_predicate_op440_fcmp_state1     |       and|   0|  0|   2|           1|           1|
    |ap_predicate_op443_fcmp_state1     |       and|   0|  0|   2|           1|           1|
    |ap_predicate_op458_fcmp_state1     |       and|   0|  0|   2|           1|           1|
    |ap_predicate_op476_fcmp_state1     |       and|   0|  0|   2|           1|           1|
    |ap_predicate_op741_fcmp_state50    |       and|   0|  0|   2|           1|           1|
    |ap_predicate_op768_fcmp_state56    |       and|   0|  0|   2|           1|           1|
    |grp_fu_2166_p2                     |       and|   0|  0|   2|           1|           1|
    |grp_fu_2171_p2                     |       and|   0|  0|   2|           1|           1|
    |grp_fu_2176_p2                     |       and|   0|  0|   2|           1|           1|
    |grp_fu_2181_p2                     |       and|   0|  0|   2|           1|           1|
    |grp_fu_2186_p2                     |       and|   0|  0|   2|           1|           1|
    |grp_fu_2191_p2                     |       and|   0|  0|   2|           1|           1|
    |grp_fu_2196_p2                     |       and|   0|  0|   2|           1|           1|
    |grp_fu_2201_p2                     |       and|   0|  0|   2|           1|           1|
    |grp_fu_2206_p2                     |       and|   0|  0|   2|           1|           1|
    |grp_fu_2211_p2                     |       and|   0|  0|   2|           1|           1|
    |grp_fu_2216_p2                     |       and|   0|  0|   2|           1|           1|
    |grp_fu_2221_p2                     |       and|   0|  0|   2|           1|           1|
    |grp_fu_2226_p2                     |       and|   0|  0|   2|           1|           1|
    |grp_fu_2231_p2                     |       and|   0|  0|   2|           1|           1|
    |grp_fu_2236_p2                     |       and|   0|  0|   2|           1|           1|
    |grp_fu_2241_p2                     |       and|   0|  0|   2|           1|           1|
    |grp_fu_2330_p2                     |       and|   0|  0|   2|           1|           1|
    |grp_fu_2372_p2                     |       and|   0|  0|   2|           1|           1|
    |grp_fu_2154_p2                     |      icmp|   0|  0|  11|           8|           2|
    |grp_fu_2160_p2                     |      icmp|   0|  0|  16|          23|           1|
    |grp_fu_2354_p2                     |      icmp|   0|  0|  11|           8|           2|
    |grp_fu_2360_p2                     |      icmp|   0|  0|  16|          23|           1|
    |icmp_ln104_1_fu_4652_p2            |      icmp|   0|  0|   8|           2|           2|
    |icmp_ln104_2_fu_4310_p2            |      icmp|   0|  0|   8|           2|           2|
    |icmp_ln104_3_fu_4875_p2            |      icmp|   0|  0|   8|           2|           2|
    |icmp_ln104_4_fu_4662_p2            |      icmp|   0|  0|   8|           2|           2|
    |icmp_ln104_5_fu_4320_p2            |      icmp|   0|  0|   8|           2|           2|
    |icmp_ln104_fu_4865_p2              |      icmp|   0|  0|   8|           2|           2|
    |icmp_ln320_1_fu_2748_p2            |      icmp|   0|  0|  20|          32|          32|
    |icmp_ln320_2_fu_2718_p2            |      icmp|   0|  0|  20|          32|          32|
    |icmp_ln320_3_fu_2688_p2            |      icmp|   0|  0|  20|          32|          32|
    |icmp_ln320_fu_2778_p2              |      icmp|   0|  0|  20|          32|          32|
    |icmp_ln327_1_fu_2754_p2            |      icmp|   0|  0|  20|          32|          32|
    |icmp_ln327_2_fu_2724_p2            |      icmp|   0|  0|  20|          32|          32|
    |icmp_ln327_3_fu_2694_p2            |      icmp|   0|  0|  20|          32|          32|
    |icmp_ln327_fu_2784_p2              |      icmp|   0|  0|  20|          32|          32|
    |icmp_ln349_1_fu_2569_p2            |      icmp|   0|  0|  20|          32|           1|
    |icmp_ln349_2_fu_2524_p2            |      icmp|   0|  0|  20|          32|           1|
    |icmp_ln349_3_fu_2494_p2            |      icmp|   0|  0|  20|          32|           1|
    |icmp_ln349_fu_2614_p2              |      icmp|   0|  0|  20|          32|           1|
    |icmp_ln356_1_fu_3989_p2            |      icmp|   0|  0|  16|          23|           1|
    |icmp_ln356_2_fu_3596_p2            |      icmp|   0|  0|  11|           8|           2|
    |icmp_ln356_3_fu_3602_p2            |      icmp|   0|  0|  16|          23|           1|
    |icmp_ln356_4_fu_3339_p2            |      icmp|   0|  0|  11|           8|           2|
    |icmp_ln356_5_fu_3345_p2            |      icmp|   0|  0|  16|          23|           1|
    |icmp_ln356_6_fu_3077_p2            |      icmp|   0|  0|  11|           8|           2|
    |icmp_ln356_7_fu_3083_p2            |      icmp|   0|  0|  16|          23|           1|
    |icmp_ln356_fu_3983_p2              |      icmp|   0|  0|  11|           8|           2|
    |icmp_ln367_10_fu_3294_p2           |      icmp|   0|  0|  11|           8|           2|
    |icmp_ln367_11_fu_3300_p2           |      icmp|   0|  0|  16|          23|           1|
    |icmp_ln367_14_fu_3032_p2           |      icmp|   0|  0|  11|           8|           2|
    |icmp_ln367_15_fu_3038_p2           |      icmp|   0|  0|  16|          23|           1|
    |icmp_ln367_2_fu_3938_p2            |      icmp|   0|  0|  11|           8|           2|
    |icmp_ln367_3_fu_3944_p2            |      icmp|   0|  0|  16|          23|           1|
    |icmp_ln367_6_fu_3551_p2            |      icmp|   0|  0|  11|           8|           2|
    |icmp_ln367_7_fu_3557_p2            |      icmp|   0|  0|  16|          23|           1|
    |icmp_ln385_1_fu_2584_p2            |      icmp|   0|  0|  20|          32|           1|
    |icmp_ln385_2_fu_2509_p2            |      icmp|   0|  0|  20|          32|           1|
    |icmp_ln385_3_fu_2479_p2            |      icmp|   0|  0|  20|          32|           1|
    |icmp_ln385_fu_2599_p2              |      icmp|   0|  0|  20|          32|           1|
    |icmp_ln392_1_fu_3864_p2            |      icmp|   0|  0|  16|          23|           1|
    |icmp_ln392_2_fu_3727_p2            |      icmp|   0|  0|  11|           8|           2|
    |icmp_ln392_3_fu_3733_p2            |      icmp|   0|  0|  16|          23|           1|
    |icmp_ln392_4_fu_3208_p2            |      icmp|   0|  0|  11|           8|           2|
    |icmp_ln392_5_fu_3214_p2            |      icmp|   0|  0|  16|          23|           1|
    |icmp_ln392_6_fu_2946_p2            |      icmp|   0|  0|  11|           8|           2|
    |icmp_ln392_7_fu_2952_p2            |      icmp|   0|  0|  16|          23|           1|
    |icmp_ln392_fu_3858_p2              |      icmp|   0|  0|  11|           8|           2|
    |icmp_ln403_10_fu_3163_p2           |      icmp|   0|  0|  11|           8|           2|
    |icmp_ln403_11_fu_3169_p2           |      icmp|   0|  0|  16|          23|           1|
    |icmp_ln403_14_fu_2901_p2           |      icmp|   0|  0|  11|           8|           2|
    |icmp_ln403_15_fu_2907_p2           |      icmp|   0|  0|  16|          23|           1|
    |icmp_ln403_2_fu_3813_p2            |      icmp|   0|  0|  11|           8|           2|
    |icmp_ln403_3_fu_3819_p2            |      icmp|   0|  0|  16|          23|           1|
    |icmp_ln403_6_fu_3682_p2            |      icmp|   0|  0|  11|           8|           2|
    |icmp_ln403_7_fu_3688_p2            |      icmp|   0|  0|  16|          23|           1|
    |icmp_ln49_1_fu_2808_p2             |      icmp|   0|  0|  20|          32|          32|
    |icmp_ln49_fu_2822_p2               |      icmp|   0|  0|  20|          32|          32|
    |icmp_ln61_14_fu_4129_p2            |      icmp|   0|  0|  11|           8|           2|
    |icmp_ln61_15_fu_4135_p2            |      icmp|   0|  0|  16|          23|           1|
    |icmp_ln61_18_fu_4063_p2            |      icmp|   0|  0|  11|           8|           2|
    |icmp_ln61_19_fu_4069_p2            |      icmp|   0|  0|  16|          23|           1|
    |icmp_ln61_1_fu_2832_p2             |      icmp|   0|  0|  20|          32|           1|
    |icmp_ln61_22_fu_3491_p2            |      icmp|   0|  0|  11|           8|           2|
    |icmp_ln61_23_fu_3497_p2            |      icmp|   0|  0|  16|          23|           1|
    |icmp_ln61_26_fu_3425_p2            |      icmp|   0|  0|  11|           8|           2|
    |icmp_ln61_27_fu_3431_p2            |      icmp|   0|  0|  16|          23|           1|
    |icmp_ln61_2_fu_2644_p2             |      icmp|   0|  0|  20|          32|           1|
    |icmp_ln61_3_fu_2629_p2             |      icmp|   0|  0|  20|          32|           1|
    |icmp_ln61_4_fu_2554_p2             |      icmp|   0|  0|  20|          32|           1|
    |icmp_ln61_5_fu_2539_p2             |      icmp|   0|  0|  20|          32|           1|
    |icmp_ln61_6_fu_5412_p2             |      icmp|   0|  0|  20|          32|           1|
    |icmp_ln61_7_fu_5285_p2             |      icmp|   0|  0|  20|          32|           1|
    |icmp_ln61_fu_2867_p2               |      icmp|   0|  0|  20|          32|           1|
    |icmp_ln77_1_fu_4787_p2             |      icmp|   0|  0|  16|          23|           1|
    |icmp_ln77_2_fu_4568_p2             |      icmp|   0|  0|  11|           8|           2|
    |icmp_ln77_3_fu_4574_p2             |      icmp|   0|  0|  16|          23|           1|
    |icmp_ln77_4_fu_4226_p2             |      icmp|   0|  0|  11|           8|           2|
    |icmp_ln77_5_fu_4232_p2             |      icmp|   0|  0|  16|          23|           1|
    |icmp_ln77_fu_4781_p2               |      icmp|   0|  0|  11|           8|           2|
    |icmp_ln92_1_fu_4600_p2             |      icmp|   0|  0|  20|          32|           2|
    |icmp_ln92_2_fu_4258_p2             |      icmp|   0|  0|  20|          32|           2|
    |icmp_ln92_fu_4813_p2               |      icmp|   0|  0|  20|          32|           2|
    |ap_block_state135_on_subcall_done  |        or|   0|  0|   2|           1|           1|
    |ap_block_state220_on_subcall_done  |        or|   0|  0|   2|           1|           1|
    |ap_predicate_op1686_fcmp_state216  |        or|   0|  0|   2|           1|           1|
    |ap_predicate_op1757_fcmp_state223  |        or|   0|  0|   2|           1|           1|
    |grp_fu_2324_p2                     |        or|   0|  0|   2|           1|           1|
    |grp_fu_2366_p2                     |        or|   0|  0|   2|           1|           1|
    |or_ln321_4_fu_5107_p2              |        or|   0|  0|   2|           1|           1|
    |or_ln321_5_fu_5056_p2              |        or|   0|  0|   2|           1|           1|
    |or_ln321_6_fu_5005_p2              |        or|   0|  0|   2|           1|           1|
    |or_ln321_7_fu_4948_p2              |        or|   0|  0|   2|           1|           1|
    |or_ln328_4_fu_5085_p2              |        or|   0|  0|   2|           1|           1|
    |or_ln328_5_fu_5034_p2              |        or|   0|  0|   2|           1|           1|
    |or_ln328_6_fu_4983_p2              |        or|   0|  0|   2|           1|           1|
    |or_ln328_7_fu_4931_p2              |        or|   0|  0|   2|           1|           1|
    |or_ln350_1_fu_3637_p2              |        or|   0|  0|   2|           1|           1|
    |or_ln350_2_fu_3380_p2              |        or|   0|  0|   2|           1|           1|
    |or_ln350_3_fu_3118_p2              |        or|   0|  0|   2|           1|           1|
    |or_ln350_fu_4024_p2                |        or|   0|  0|   2|           1|           1|
    |or_ln356_1_fu_3608_p2              |        or|   0|  0|   2|           1|           1|
    |or_ln356_2_fu_3351_p2              |        or|   0|  0|   2|           1|           1|
    |or_ln356_3_fu_3089_p2              |        or|   0|  0|   2|           1|           1|
    |or_ln356_fu_3995_p2                |        or|   0|  0|   2|           1|           1|
    |or_ln361_1_fu_3620_p2              |        or|   0|  0|   2|           1|           1|
    |or_ln361_2_fu_3363_p2              |        or|   0|  0|   2|           1|           1|
    |or_ln361_3_fu_3101_p2              |        or|   0|  0|   2|           1|           1|
    |or_ln361_fu_4007_p2                |        or|   0|  0|   2|           1|           1|
    |or_ln367_1_fu_3950_p2              |        or|   0|  0|   2|           1|           1|
    |or_ln367_2_fu_3545_p2              |        or|   0|  0|   2|           1|           1|
    |or_ln367_3_fu_3563_p2              |        or|   0|  0|   2|           1|           1|
    |or_ln367_4_fu_3288_p2              |        or|   0|  0|   2|           1|           1|
    |or_ln367_5_fu_3306_p2              |        or|   0|  0|   2|           1|           1|
    |or_ln367_6_fu_3026_p2              |        or|   0|  0|   2|           1|           1|
    |or_ln367_7_fu_3044_p2              |        or|   0|  0|   2|           1|           1|
    |or_ln367_fu_3932_p2                |        or|   0|  0|   2|           1|           1|
    |or_ln386_1_fu_3768_p2              |        or|   0|  0|   2|           1|           1|
    |or_ln386_2_fu_3249_p2              |        or|   0|  0|   2|           1|           1|
    |or_ln386_3_fu_2987_p2              |        or|   0|  0|   2|           1|           1|
    |or_ln386_fu_3899_p2                |        or|   0|  0|   2|           1|           1|
    |or_ln392_1_fu_3739_p2              |        or|   0|  0|   2|           1|           1|
    |or_ln392_2_fu_3220_p2              |        or|   0|  0|   2|           1|           1|
    |or_ln392_3_fu_2958_p2              |        or|   0|  0|   2|           1|           1|
    |or_ln392_fu_3870_p2                |        or|   0|  0|   2|           1|           1|
    |or_ln397_1_fu_3751_p2              |        or|   0|  0|   2|           1|           1|
    |or_ln397_2_fu_3232_p2              |        or|   0|  0|   2|           1|           1|
    |or_ln397_3_fu_2970_p2              |        or|   0|  0|   2|           1|           1|
    |or_ln397_fu_3882_p2                |        or|   0|  0|   2|           1|           1|
    |or_ln403_1_fu_3825_p2              |        or|   0|  0|   2|           1|           1|
    |or_ln403_2_fu_3676_p2              |        or|   0|  0|   2|           1|           1|
    |or_ln403_3_fu_3694_p2              |        or|   0|  0|   2|           1|           1|
    |or_ln403_4_fu_3157_p2              |        or|   0|  0|   2|           1|           1|
    |or_ln403_5_fu_3175_p2              |        or|   0|  0|   2|           1|           1|
    |or_ln403_6_fu_2895_p2              |        or|   0|  0|   2|           1|           1|
    |or_ln403_7_fu_2913_p2              |        or|   0|  0|   2|           1|           1|
    |or_ln403_fu_3807_p2                |        or|   0|  0|   2|           1|           1|
    |or_ln421_fu_5178_p2                |        or|   0|  0|   2|           1|           1|
    |or_ln61_10_fu_3437_p2              |        or|   0|  0|   2|           1|           1|
    |or_ln61_11_fu_5423_p2              |        or|   0|  0|   2|           1|           1|
    |or_ln61_12_fu_5296_p2              |        or|   0|  0|   2|           1|           1|
    |or_ln61_2_fu_5270_p2               |        or|   0|  0|   2|           1|           1|
    |or_ln61_3_fu_4123_p2               |        or|   0|  0|   2|           1|           1|
    |or_ln61_4_fu_4141_p2               |        or|   0|  0|   2|           1|           1|
    |or_ln61_5_fu_4057_p2               |        or|   0|  0|   2|           1|           1|
    |or_ln61_6_fu_4075_p2               |        or|   0|  0|   2|           1|           1|
    |or_ln61_7_fu_3485_p2               |        or|   0|  0|   2|           1|           1|
    |or_ln61_8_fu_3503_p2               |        or|   0|  0|   2|           1|           1|
    |or_ln61_9_fu_3419_p2               |        or|   0|  0|   2|           1|           1|
    |or_ln61_fu_5397_p2                 |        or|   0|  0|   2|           1|           1|
    |or_ln77_1_fu_4580_p2               |        or|   0|  0|   2|           1|           1|
    |or_ln77_2_fu_4238_p2               |        or|   0|  0|   2|           1|           1|
    |or_ln77_fu_4793_p2                 |        or|   0|  0|   2|           1|           1|
    |out_27_fu_5227_p3                  |    select|   0|  0|  32|           1|          32|
    |select_ln104_1_fu_4674_p3          |    select|   0|  0|   3|           1|           2|
    |select_ln104_2_fu_4332_p3          |    select|   0|  0|   3|           1|           2|
    |select_ln104_fu_4887_p3            |    select|   0|  0|   3|           1|           2|
    |select_ln421_1_fu_5219_p3          |    select|   0|  0|  32|           1|          32|
    |select_ln421_fu_5211_p3            |    select|   0|  0|  32|           1|          32|
    |grp_fu_2118_p2                     |       xor|   0|  0|  33|          32|          33|
    |grp_fu_2124_p2                     |       xor|   0|  0|  33|          32|          33|
    |grp_fu_2130_p2                     |       xor|   0|  0|  33|          32|          33|
    |grp_fu_2264_p2                     |       xor|   0|  0|  33|          32|          33|
    |grp_fu_2270_p2                     |       xor|   0|  0|  33|          32|          33|
    |grp_fu_2276_p2                     |       xor|   0|  0|  33|          32|          33|
    |out_100_fu_3392_p2                 |       xor|   0|  0|   2|           1|           2|
    |out_101_fu_3261_p2                 |       xor|   0|  0|   2|           1|           2|
    |out_102_fu_3130_p2                 |       xor|   0|  0|   2|           1|           2|
    |out_103_fu_2999_p2                 |       xor|   0|  0|   2|           1|           2|
    |out_98_fu_3780_p2                  |       xor|   0|  0|   2|           1|           2|
    |out_99_fu_3649_p2                  |       xor|   0|  0|   2|           1|           2|
    |phitmp77_fu_4096_p2                |       xor|   0|  0|   2|           1|           2|
    |phitmp78_fu_4920_p2                |       xor|   0|  0|   2|           1|           2|
    |phitmp79_fu_4967_p2                |       xor|   0|  0|   2|           1|           2|
    |phitmp80_fu_5126_p2                |       xor|   0|  0|   2|           1|           2|
    |phitmp_fu_3458_p2                  |       xor|   0|  0|   2|           1|           2|
    |xor_ln100_1_fu_4637_p2             |       xor|   0|  0|   3|           2|           3|
    |xor_ln100_2_fu_4295_p2             |       xor|   0|  0|   3|           2|           3|
    |xor_ln100_fu_4850_p2               |       xor|   0|  0|   3|           2|           3|
    |xor_ln102_fu_4899_p2               |       xor|   0|  0|  33|          32|          33|
    |xor_ln106_fu_2669_p2               |       xor|   0|  0|  33|          32|          33|
    |xor_ln159_12_fu_5190_p2            |       xor|   0|  0|  33|          32|          33|
    |xor_ln159_13_fu_5199_p2            |       xor|   0|  0|  33|          32|          33|
    |xor_ln159_14_fu_5205_p2            |       xor|   0|  0|  33|          32|          33|
    |xor_ln92_1_fu_4606_p2              |       xor|   0|  0|   2|           2|           2|
    |xor_ln92_2_fu_4264_p2              |       xor|   0|  0|   2|           2|           2|
    |xor_ln92_fu_4819_p2                |       xor|   0|  0|   2|           2|           2|
    +-----------------------------------+----------+----+---+----+------------+------------+
    |Total                              |          |   0|  0|2366|        2393|        1216|
    +-----------------------------------+----------+----+---+----+------------+------------+

    * Multiplexer: 
    +------------------------------------------------------+------+-----------+-----+-----------+
    |                         Name                         |  LUT | Input Size| Bits| Total Bits|
    +------------------------------------------------------+------+-----------+-----+-----------+
    |ap_NS_fsm                                             |  1238|        233|    1|        233|
    |ap_phi_mux_base_0_lcssa_i_i160164_phi_fu_1556_p4      |     9|          2|    2|          4|
    |ap_phi_mux_base_0_lcssa_i_i_i168172_phi_fu_1514_p4    |     9|          2|    2|          4|
    |ap_phi_mux_base_0_lcssa_i_i_i512176180_phi_fu_731_p4  |     9|          2|    2|          4|
    |ap_phi_mux_empty_76_phi_fu_911_p84                    |    14|          3|    8|         24|
    |ap_phi_mux_out_74_phi_fu_887_p6                       |     9|          2|   32|         64|
    |ap_phi_mux_out_83_phi_fu_876_p6                       |     9|          2|   32|         64|
    |ap_phi_mux_out_84_phi_fu_865_p6                       |     9|          2|   32|         64|
    |ap_phi_mux_out_87_phi_fu_775_p6                       |     9|          2|   32|         64|
    |ap_phi_mux_out_88_phi_fu_764_p6                       |     9|          2|   32|         64|
    |ap_phi_mux_out_89_phi_fu_753_p6                       |     9|          2|   32|         64|
    |ap_phi_mux_out_93_phi_fu_1365_p84                     |    14|          3|   32|         96|
    |ap_phi_mux_out_94_phi_fu_1246_p84                     |    14|          3|   32|         96|
    |ap_phi_mux_out_95_phi_fu_1127_p84                     |    14|          3|   32|         96|
    |ap_phi_mux_out_96_phi_fu_1010_p84                     |    14|          3|   24|         72|
    |ap_phi_mux_res_num_load_1_phi_fu_820_p6               |     9|          2|   32|         64|
    |ap_phi_mux_res_num_load_2_phi_fu_809_p6               |     9|          2|   32|         64|
    |ap_phi_mux_res_num_load_phi_fu_831_p6                 |     9|          2|   32|         64|
    |ap_phi_mux_res_p_6_phi_fu_898_p6                      |     9|          2|   32|         64|
    |ap_phi_mux_res_p_7_phi_fu_842_p6                      |     9|          2|   32|         64|
    |ap_phi_mux_res_p_8_phi_fu_786_p6                      |     9|          2|   32|         64|
    |b_op1_o                                               |    49|          9|  128|       1152|
    |base_0_lcssa_i_i160164_reg_1552                       |     9|          2|    2|          4|
    |base_0_lcssa_i_i_i168172_reg_1510                     |     9|          2|    2|          4|
    |base_0_lcssa_i_i_i512176180_reg_727                   |     9|          2|    2|          4|
    |empty_71_reg_851                                      |     9|          2|   32|         64|
    |empty_73_reg_795                                      |     9|          2|   32|         64|
    |empty_75_reg_739                                      |     9|          2|   32|         64|
    |empty_76_reg_907                                      |   152|         33|    8|        264|
    |grp_fu_2054_ce                                        |     9|          2|    1|          2|
    |grp_fu_2054_p0                                        |    43|          8|   32|        256|
    |grp_fu_2054_p1                                        |    14|          3|   32|         96|
    |grp_fu_2059_ce                                        |     9|          2|    1|          2|
    |grp_fu_2059_p0                                        |    26|          5|   32|        160|
    |grp_fu_2059_p1                                        |    14|          3|   32|         96|
    |grp_fu_2063_ce                                        |    65|         16|    1|         16|
    |grp_fu_2063_opcode                                    |    97|         19|    5|         95|
    |grp_fu_2063_p0                                        |   441|         84|   32|       2688|
    |grp_fu_2063_p1                                        |    81|         17|   32|        544|
    |grp_fu_2078_p1                                        |    14|          3|  128|        384|
    |grp_fu_2166_p0                                        |    14|          3|    1|          3|
    |grp_fu_2171_p0                                        |    14|          3|    1|          3|
    |grp_fu_2176_p0                                        |    14|          3|    1|          3|
    |grp_fu_2181_p0                                        |    14|          3|    1|          3|
    |grp_fu_2186_p0                                        |    14|          3|    1|          3|
    |grp_fu_2191_p0                                        |    14|          3|    1|          3|
    |grp_fu_2196_p0                                        |    14|          3|    1|          3|
    |grp_fu_2201_p0                                        |    14|          3|    1|          3|
    |grp_fu_2206_p0                                        |    14|          3|    1|          3|
    |grp_fu_2211_p0                                        |    14|          3|    1|          3|
    |grp_fu_2216_p0                                        |    14|          3|    1|          3|
    |grp_fu_2221_p0                                        |    14|          3|    1|          3|
    |grp_fu_2226_p0                                        |    14|          3|    1|          3|
    |grp_fu_2231_p0                                        |    14|          3|    1|          3|
    |grp_fu_2236_p0                                        |    14|          3|    1|          3|
    |grp_fu_2241_p0                                        |    14|          3|    1|          3|
    |grp_fu_2330_p0                                        |    14|          3|    1|          3|
    |grp_fu_2372_p0                                        |    14|          3|    1|          3|
    |grp_fu_7441_ce                                        |   125|         25|    1|         25|
    |grp_fu_7441_opcode                                    |   125|         25|    5|        125|
    |grp_fu_7441_p0                                        |   125|         25|   32|        800|
    |grp_fu_7441_p1                                        |   125|         25|   32|        800|
    |grp_fu_7445_ce                                        |    20|          4|    1|          4|
    |grp_fu_7445_p0                                        |    20|          4|   32|        128|
    |grp_fu_7445_p1                                        |    20|          4|   32|        128|
    |grp_fu_7449_ce                                        |    14|          3|    1|          3|
    |grp_fu_7449_p0                                        |    14|          3|   32|         96|
    |grp_fu_7449_p1                                        |    14|          3|   32|         96|
    |grp_fu_7453_ce                                        |    14|          3|    1|          3|
    |grp_fu_7453_p0                                        |    14|          3|   32|         96|
    |grp_fu_7453_p1                                        |    14|          3|   32|         96|
    |grp_fu_7457_ce                                        |    14|          3|    1|          3|
    |grp_fu_7457_p0                                        |    14|          3|   32|         96|
    |grp_fu_7457_p1                                        |    14|          3|   32|         96|
    |grp_operator_2_fu_1772_n                              |    20|          4|   32|        128|
    |grp_operator_3_fu_1788_b_p_read                       |    14|          3|   32|         96|
    |grp_operator_3_fu_1788_p_read25                       |    14|          3|   32|         96|
    |grp_operator_3_fu_1788_p_read3                        |    14|          3|   32|         96|
    |grp_operator_3_fu_1788_p_read4                        |    14|          3|   32|         96|
    |out_60_reg_1659                                       |     9|          2|    1|          2|
    |out_62_reg_1740                                       |     9|          2|   32|         64|
    |out_63_reg_1727                                       |     9|          2|   32|         64|
    |out_64_reg_1714                                       |     9|          2|   32|         64|
    |out_65_reg_1648                                       |     9|          2|    1|          2|
    |out_67_reg_1627                                       |    14|          3|    1|          3|
    |out_68_reg_1606                                       |    14|          3|    1|          3|
    |out_71_reg_682                                        |    14|          3|    1|          3|
    |out_73_reg_552                                        |    14|          3|    1|          3|
    |out_74_reg_884                                        |    14|          3|   32|         96|
    |out_75_reg_642                                        |    26|          5|    1|          5|
    |out_76_reg_617                                        |    26|          5|    1|          5|
    |out_83_reg_873                                        |    14|          3|   32|         96|
    |out_84_reg_862                                        |    14|          3|   32|         96|
    |out_85426_reg_1542                                    |     9|          2|   32|         64|
    |out_86432_reg_1532                                    |     9|          2|   32|         64|
    |out_87438_reg_1522                                    |     9|          2|   32|         64|
    |out_87_reg_772                                        |    14|          3|   32|         96|
    |out_88_reg_761                                        |    14|          3|   32|         96|
    |out_89_reg_750                                        |    14|          3|   32|         96|
    |out_90462_reg_717                                     |     9|          2|   32|         64|
    |out_90_reg_667                                        |    14|          3|    1|          3|
    |out_91468_reg_707                                     |     9|          2|   32|         64|
    |out_91_reg_537                                        |    14|          3|    1|          3|
    |out_92474_reg_697                                     |     9|          2|   32|         64|
    |out_92_reg_1585                                       |    14|          3|    1|          3|
    |out_93_reg_1361                                       |    65|         13|   32|        416|
    |out_94_reg_1242                                       |    65|         13|   32|        416|
    |out_95_reg_1123                                       |    65|         13|   32|        416|
    |out_96_reg_1006                                       |    65|         12|   24|        288|
    |out_97_reg_1564                                       |    14|          3|    1|          3|
    |ref_tmp5_068_0_reg_1753                               |     9|          2|   32|         64|
    |ref_tmp_01_i233_0_reg_1703                            |     9|          2|   32|         64|
    |ref_tmp_1_i234_0_0_reg_1692                           |     9|          2|   32|         64|
    |ref_tmp_1_i234_1_0_reg_1681                           |     9|          2|   32|         64|
    |ref_tmp_1_i234_2_0_reg_1670                           |     9|          2|   32|         64|
    |res_num_load444_reg_1500                              |     9|          2|   32|         64|
    |res_num_load_1450_reg_1490                            |     9|          2|   32|         64|
    |res_num_load_1_reg_817                                |    14|          3|   32|         96|
    |res_num_load_2456_reg_1480                            |     9|          2|   32|         64|
    |res_num_load_2_reg_806                                |    14|          3|   32|         96|
    |res_num_load_reg_828                                  |    14|          3|   32|         96|
    |res_p_6_reg_895                                       |    14|          3|   32|         96|
    |res_p_7_reg_839                                       |    14|          3|   32|         96|
    |res_p_8_reg_783                                       |    14|          3|   32|         96|
    |retval_0_i_i605_reg_592                               |    26|          5|    1|          5|
    |retval_0_i_i624_reg_567                               |    26|          5|    1|          5|
    |retval_0_i_i684_reg_512                               |    26|          5|    1|          5|
    |retval_0_i_i711_reg_487                               |    26|          5|    1|          5|
    |retval_0_i_i738_reg_462                               |    26|          5|    1|          5|
    |retval_0_i_i766_reg_437                               |    26|          5|    1|          5|
    +------------------------------------------------------+------+-----------+-----+-----------+
    |Total                                                 |  4444|        892| 2659|      14361|
    +------------------------------------------------------+------+-----------+-----+-----------+

    * Register: 
    +--------------------------------------------------------------------+-----+----+-----+-----------+
    |                                Name                                |  FF | LUT| Bits| Const Bits|
    +--------------------------------------------------------------------+-----+----+-----+-----------+
    |and_ln321_1_reg_7130                                                |    1|   0|    1|          0|
    |and_ln321_2_reg_7080                                                |    1|   0|    1|          0|
    |and_ln321_3_reg_7028                                                |    1|   0|    1|          0|
    |and_ln321_4_reg_7184                                                |    1|   0|    1|          0|
    |and_ln321_5_reg_7134                                                |    1|   0|    1|          0|
    |and_ln321_6_reg_7084                                                |    1|   0|    1|          0|
    |and_ln321_7_reg_7032                                                |    1|   0|    1|          0|
    |and_ln321_reg_7180                                                  |    1|   0|    1|          0|
    |and_ln328_1_reg_7109                                                |    1|   0|    1|          0|
    |and_ln328_2_reg_7059                                                |    1|   0|    1|          0|
    |and_ln328_3_reg_7007                                                |    1|   0|    1|          0|
    |and_ln328_4_reg_7163                                                |    1|   0|    1|          0|
    |and_ln328_5_reg_7113                                                |    1|   0|    1|          0|
    |and_ln328_6_reg_7063                                                |    1|   0|    1|          0|
    |and_ln328_7_reg_7011                                                |    1|   0|    1|          0|
    |and_ln328_reg_7159                                                  |    1|   0|    1|          0|
    |and_ln367_2_reg_6327                                                |    1|   0|    1|          0|
    |and_ln367_4_reg_6247                                                |    1|   0|    1|          0|
    |and_ln367_6_reg_6147                                                |    1|   0|    1|          0|
    |and_ln367_reg_6477                                                  |    1|   0|    1|          0|
    |and_ln403_2_reg_6377                                                |    1|   0|    1|          0|
    |and_ln403_4_reg_6197                                                |    1|   0|    1|          0|
    |and_ln403_6_reg_6097                                                |    1|   0|    1|          0|
    |and_ln403_reg_6427                                                  |    1|   0|    1|          0|
    |and_ln61_2_reg_7280                                                 |    1|   0|    1|          0|
    |and_ln61_reg_7321                                                   |    1|   0|    1|          0|
    |and_ln77_1_reg_6779                                                 |    1|   0|    1|          0|
    |and_ln77_2_reg_6624                                                 |    1|   0|    1|          0|
    |and_ln77_reg_6894                                                   |    1|   0|    1|          0|
    |ap_CS_fsm                                                           |  232|   0|  232|          0|
    |b_op1_read_reg_5782                                                 |  128|   0|  128|          0|
    |b_p_1_reg_6068                                                      |   32|   0|   32|          0|
    |b_p_2_reg_6667                                                      |   32|   0|   32|          0|
    |b_p_reg_7346                                                        |   32|   0|   32|          0|
    |base_0_lcssa_i_i160164_reg_1552                                     |    2|   0|    2|          0|
    |base_0_lcssa_i_i_i168172_reg_1510                                   |    2|   0|    2|          0|
    |base_0_lcssa_i_i_i512176180_reg_727                                 |    2|   0|    2|          0|
    |bitcast_ln102_1_reg_6942                                            |   32|   0|   32|          0|
    |bitcast_ln106_4_reg_6822                                            |   32|   0|   32|          0|
    |bitcast_ln321_1_reg_6032                                            |   32|   0|   32|          0|
    |bitcast_ln321_2_reg_6016                                            |   32|   0|   32|          0|
    |bitcast_ln321_3_reg_6000                                            |   32|   0|   32|          0|
    |bitcast_ln321_reg_6048                                              |   32|   0|   32|          0|
    |bitcast_ln328_1_reg_6027                                            |   32|   0|   32|          0|
    |bitcast_ln328_2_reg_6011                                            |   32|   0|   32|          0|
    |bitcast_ln328_3_reg_5995                                            |   32|   0|   32|          0|
    |bitcast_ln328_reg_6043                                              |   32|   0|   32|          0|
    |bitcast_ln367_1_reg_5913                                            |   32|   0|   32|          0|
    |bitcast_ln367_2_reg_5884                                            |   32|   0|   32|          0|
    |bitcast_ln367_3_reg_5862                                            |   32|   0|   32|          0|
    |bitcast_ln367_reg_5946                                              |   32|   0|   32|          0|
    |bitcast_ln403_1_reg_5924                                            |   32|   0|   32|          0|
    |bitcast_ln403_2_reg_5873                                            |   32|   0|   32|          0|
    |bitcast_ln403_3_reg_5851                                            |   32|   0|   32|          0|
    |bitcast_ln403_reg_5935                                              |   32|   0|   32|          0|
    |bitcast_ln421_reg_7224                                              |   32|   0|   32|          0|
    |empty_71_reg_851                                                    |   32|   0|   32|          0|
    |empty_72_reg_6783                                                   |    2|   0|    2|          0|
    |empty_73_reg_795                                                    |   32|   0|   32|          0|
    |empty_74_reg_6628                                                   |    2|   0|    2|          0|
    |empty_75_reg_739                                                    |   32|   0|   32|          0|
    |empty_76_reg_907                                                    |    8|   0|    8|          0|
    |empty_reg_6898                                                      |    2|   0|    2|          0|
    |grp_ban_interface_Pipeline_VITIS_LOOP_104_310_fu_1949_ap_start_reg  |    1|   0|    1|          0|
    |grp_ban_interface_Pipeline_VITIS_LOOP_104_313_fu_1904_ap_start_reg  |    1|   0|    1|          0|
    |grp_ban_interface_Pipeline_VITIS_LOOP_104_3_fu_1985_ap_start_reg    |    1|   0|    1|          0|
    |grp_ban_interface_Pipeline_VITIS_LOOP_335_15_fu_2015_ap_start_reg   |    1|   0|    1|          0|
    |grp_ban_interface_Pipeline_VITIS_LOOP_335_16_fu_2008_ap_start_reg   |    1|   0|    1|          0|
    |grp_ban_interface_Pipeline_VITIS_LOOP_335_17_fu_2001_ap_start_reg   |    1|   0|    1|          0|
    |grp_ban_interface_Pipeline_VITIS_LOOP_335_1_fu_2022_ap_start_reg    |    1|   0|    1|          0|
    |grp_ban_interface_Pipeline_VITIS_LOOP_374_116_fu_1842_ap_start_reg  |    1|   0|    1|          0|
    |grp_ban_interface_Pipeline_VITIS_LOOP_374_119_fu_1824_ap_start_reg  |    1|   0|    1|          0|
    |grp_ban_interface_Pipeline_VITIS_LOOP_374_121_fu_1812_ap_start_reg  |    1|   0|    1|          0|
    |grp_ban_interface_Pipeline_VITIS_LOOP_374_1_fu_1860_ap_start_reg    |    1|   0|    1|          0|
    |grp_ban_interface_Pipeline_VITIS_LOOP_410_115_fu_1848_ap_start_reg  |    1|   0|    1|          0|
    |grp_ban_interface_Pipeline_VITIS_LOOP_410_120_fu_1818_ap_start_reg  |    1|   0|    1|          0|
    |grp_ban_interface_Pipeline_VITIS_LOOP_410_122_fu_1806_ap_start_reg  |    1|   0|    1|          0|
    |grp_ban_interface_Pipeline_VITIS_LOOP_410_1_fu_1854_ap_start_reg    |    1|   0|    1|          0|
    |grp_ban_interface_Pipeline_VITIS_LOOP_53_14_fu_2029_ap_start_reg    |    1|   0|    1|          0|
    |grp_ban_interface_Pipeline_VITIS_LOOP_53_1_fu_2036_ap_start_reg     |    1|   0|    1|          0|
    |grp_ban_interface_Pipeline_VITIS_LOOP_68_114_fu_1866_ap_start_reg   |    1|   0|    1|          0|
    |grp_ban_interface_Pipeline_VITIS_LOOP_68_117_fu_1836_ap_start_reg   |    1|   0|    1|          0|
    |grp_ban_interface_Pipeline_VITIS_LOOP_68_118_fu_1830_ap_start_reg   |    1|   0|    1|          0|
    |grp_ban_interface_Pipeline_VITIS_LOOP_68_1_fu_1872_ap_start_reg     |    1|   0|    1|          0|
    |grp_ban_interface_Pipeline_VITIS_LOOP_84_111_fu_1884_ap_start_reg   |    1|   0|    1|          0|
    |grp_ban_interface_Pipeline_VITIS_LOOP_84_18_fu_1929_ap_start_reg    |    1|   0|    1|          0|
    |grp_ban_interface_Pipeline_VITIS_LOOP_84_1_fu_1965_ap_start_reg     |    1|   0|    1|          0|
    |grp_ban_interface_Pipeline_VITIS_LOOP_92_212_fu_1892_ap_start_reg   |    1|   0|    1|          0|
    |grp_ban_interface_Pipeline_VITIS_LOOP_92_29_fu_1937_ap_start_reg    |    1|   0|    1|          0|
    |grp_ban_interface_Pipeline_VITIS_LOOP_92_2_fu_1973_ap_start_reg     |    1|   0|    1|          0|
    |grp_mul_body_fu_2048_ap_start_reg                                   |    1|   0|    1|          0|
    |grp_operator_1_fu_1780_ap_start_reg                                 |    1|   0|    1|          0|
    |grp_operator_1_s_fu_1798_ap_start_reg                               |    1|   0|    1|          0|
    |grp_operator_2_fu_1772_ap_start_reg                                 |    1|   0|    1|          0|
    |grp_operator_2_s_fu_1764_ap_start_reg                               |    1|   0|    1|          0|
    |grp_operator_3_fu_1788_ap_start_reg                                 |    1|   0|    1|          0|
    |grp_operator_add_fu_1920_ap_start_reg                               |    1|   0|    1|          0|
    |grp_operator_div_fu_1878_ap_start_reg                               |    1|   0|    1|          0|
    |grp_sqrt_fu_2043_ap_start_reg                                       |    1|   0|    1|          0|
    |icmp_ln104_1_reg_6813                                               |    1|   0|    1|          0|
    |icmp_ln104_2_reg_6658                                               |    1|   0|    1|          0|
    |icmp_ln104_reg_6928                                                 |    1|   0|    1|          0|
    |icmp_ln61_1_reg_6059                                                |    1|   0|    1|          0|
    |icmp_ln61_2_reg_5960                                                |    1|   0|    1|          0|
    |icmp_ln61_3_reg_5951                                                |    1|   0|    1|          0|
    |icmp_ln61_4_reg_5898                                                |    1|   0|    1|          0|
    |icmp_ln61_5_reg_5889                                                |    1|   0|    1|          0|
    |icmp_ln61_7_reg_7284                                                |    1|   0|    1|          0|
    |icmp_ln61_reg_6088                                                  |    1|   0|    1|          0|
    |icmp_ln92_1_reg_6789                                                |    1|   0|    1|          0|
    |icmp_ln92_2_reg_6634                                                |    1|   0|    1|          0|
    |icmp_ln92_reg_6904                                                  |    1|   0|    1|          0|
    |or_ln321_1_reg_7125                                                 |    1|   0|    1|          0|
    |or_ln321_2_reg_7075                                                 |    1|   0|    1|          0|
    |or_ln321_3_reg_7023                                                 |    1|   0|    1|          0|
    |or_ln321_reg_7175                                                   |    1|   0|    1|          0|
    |or_ln328_1_reg_7104                                                 |    1|   0|    1|          0|
    |or_ln328_2_reg_7054                                                 |    1|   0|    1|          0|
    |or_ln328_3_reg_7002                                                 |    1|   0|    1|          0|
    |or_ln328_reg_7154                                                   |    1|   0|    1|          0|
    |or_ln356_1_reg_6341                                                 |    1|   0|    1|          0|
    |or_ln356_2_reg_6261                                                 |    1|   0|    1|          0|
    |or_ln356_3_reg_6161                                                 |    1|   0|    1|          0|
    |or_ln356_reg_6491                                                   |    1|   0|    1|          0|
    |or_ln392_1_reg_6391                                                 |    1|   0|    1|          0|
    |or_ln392_2_reg_6211                                                 |    1|   0|    1|          0|
    |or_ln392_3_reg_6111                                                 |    1|   0|    1|          0|
    |or_ln392_reg_6441                                                   |    1|   0|    1|          0|
    |out_60_reg_1659                                                     |    1|   0|    1|          0|
    |out_62_reg_1740                                                     |   32|   0|   32|          0|
    |out_63_reg_1727                                                     |   32|   0|   32|          0|
    |out_64_reg_1714                                                     |   32|   0|   32|          0|
    |out_65_reg_1648                                                     |    1|   0|    1|          0|
    |out_67_reg_1627                                                     |    1|   0|    1|          0|
    |out_68_reg_1606                                                     |    1|   0|    1|          0|
    |out_71_reg_682                                                      |    1|   0|    1|          0|
    |out_73_reg_552                                                      |    1|   0|    1|          0|
    |out_74_reg_884                                                      |   32|   0|   32|          0|
    |out_75_reg_642                                                      |    1|   0|    1|          0|
    |out_76_reg_617                                                      |    1|   0|    1|          0|
    |out_83_reg_873                                                      |   32|   0|   32|          0|
    |out_84_reg_862                                                      |   32|   0|   32|          0|
    |out_85426_reg_1542                                                  |   32|   0|   32|          0|
    |out_86432_reg_1532                                                  |   32|   0|   32|          0|
    |out_87438_reg_1522                                                  |   32|   0|   32|          0|
    |out_87_reg_772                                                      |   32|   0|   32|          0|
    |out_88_reg_761                                                      |   32|   0|   32|          0|
    |out_89_reg_750                                                      |   32|   0|   32|          0|
    |out_90462_reg_717                                                   |   32|   0|   32|          0|
    |out_90_reg_667                                                      |    1|   0|    1|          0|
    |out_91468_reg_707                                                   |   32|   0|   32|          0|
    |out_91_reg_537                                                      |    1|   0|    1|          0|
    |out_92474_reg_697                                                   |   32|   0|   32|          0|
    |out_92_reg_1585                                                     |    1|   0|    1|          0|
    |out_93_reg_1361                                                     |   32|   0|   32|          0|
    |out_94_reg_1242                                                     |   32|   0|   32|          0|
    |out_95_reg_1123                                                     |   32|   0|   32|          0|
    |out_96_reg_1006                                                     |   24|   0|   24|          0|
    |out_97_reg_1564                                                     |    1|   0|    1|          0|
    |ref_tmp5_068_0_reg_1753                                             |   32|   0|   32|          0|
    |ref_tmp_01_i233_0_reg_1703                                          |   32|   0|   32|          0|
    |ref_tmp_1_i234_0_0_reg_1692                                         |   32|   0|   32|          0|
    |ref_tmp_1_i234_1_0_reg_1681                                         |   32|   0|   32|          0|
    |ref_tmp_1_i234_2_0_reg_1670                                         |   32|   0|   32|          0|
    |res_num_load444_reg_1500                                            |   32|   0|   32|          0|
    |res_num_load_1450_reg_1490                                          |   32|   0|   32|          0|
    |res_num_load_1_reg_817                                              |   32|   0|   32|          0|
    |res_num_load_2456_reg_1480                                          |   32|   0|   32|          0|
    |res_num_load_2_reg_806                                              |   32|   0|   32|          0|
    |res_num_load_reg_828                                                |   32|   0|   32|          0|
    |res_p_3_reg_6773                                                    |   32|   0|   32|          0|
    |res_p_4_reg_6618                                                    |   32|   0|   32|          0|
    |res_p_6_reg_895                                                     |   32|   0|   32|          0|
    |res_p_7_reg_839                                                     |   32|   0|   32|          0|
    |res_p_8_reg_783                                                     |   32|   0|   32|          0|
    |res_p_reg_6888                                                      |   32|   0|   32|          0|
    |retval_0_i_i605_reg_592                                             |    1|   0|    1|          0|
    |retval_0_i_i624_reg_567                                             |    1|   0|    1|          0|
    |retval_0_i_i684_reg_512                                             |    1|   0|    1|          0|
    |retval_0_i_i711_reg_487                                             |    1|   0|    1|          0|
    |retval_0_i_i738_reg_462                                             |    1|   0|    1|          0|
    |retval_0_i_i766_reg_437                                             |    1|   0|    1|          0|
    |select_ln104_1_reg_6817                                             |    3|   0|    3|          0|
    |select_ln104_2_reg_6662                                             |    3|   0|    3|          0|
    |select_ln104_reg_6932                                               |    3|   0|    3|          0|
    |tmp_166_reg_7351                                                    |   32|   0|   32|          0|
    |tmp_169_reg_7356                                                    |   32|   0|   32|          0|
    |tmp_220_reg_7361                                                    |   32|   0|   32|          0|
    |tmp_221_reg_6073                                                    |   32|   0|   32|          0|
    |tmp_222_reg_6078                                                    |   32|   0|   32|          0|
    |tmp_223_reg_6083                                                    |   32|   0|   32|          0|
    |tmp_226_reg_6862                                                    |   32|   0|   32|          0|
    |tmp_227_reg_6872                                                    |   32|   0|   32|          0|
    |tmp_228_reg_6880                                                    |   32|   0|   32|          0|
    |tmp_230_reg_6747                                                    |   32|   0|   32|          0|
    |tmp_231_reg_6757                                                    |   32|   0|   32|          0|
    |tmp_232_reg_6765                                                    |   32|   0|   32|          0|
    |tmp_234_reg_6672                                                    |   32|   0|   32|          0|
    |tmp_235_reg_6677                                                    |   32|   0|   32|          0|
    |tmp_236_reg_6682                                                    |   32|   0|   32|          0|
    |tmp_237_reg_6592                                                    |   32|   0|   32|          0|
    |tmp_238_reg_6602                                                    |   32|   0|   32|          0|
    |tmp_239_reg_6610                                                    |   32|   0|   32|          0|
    |trunc_ln_reg_7219                                                   |   32|   0|   32|          0|
    |xor_ln102_reg_6937                                                  |   32|   0|   32|          0|
    |xor_ln106_reg_5979                                                  |   32|   0|   32|          0|
    |xor_ln92_1_reg_6793                                                 |    2|   0|    2|          0|
    |xor_ln92_2_reg_6638                                                 |    2|   0|    2|          0|
    |xor_ln92_reg_6908                                                   |    2|   0|    2|          0|
    +--------------------------------------------------------------------+-----+----+-----+-----------+
    |Total                                                               | 3123|   0| 3123|          0|
    +--------------------------------------------------------------------+-----+----+-----+-----------+



================================================================
== Interface
================================================================
* Summary: 
+-------------------+-----+-----+------------+---------------+--------------+
|     RTL Ports     | Dir | Bits|  Protocol  | Source Object |    C Type    |
+-------------------+-----+-----+------------+---------------+--------------+
|ap_local_block     |  out|    1|  ap_ctrl_hs|  ban_interface|  return value|
|ap_local_deadlock  |  out|    1|  ap_ctrl_hs|  ban_interface|  return value|
|ap_clk             |   in|    1|  ap_ctrl_hs|  ban_interface|  return value|
|ap_rst             |   in|    1|  ap_ctrl_hs|  ban_interface|  return value|
|ap_start           |   in|    1|  ap_ctrl_hs|  ban_interface|  return value|
|ap_done            |  out|    1|  ap_ctrl_hs|  ban_interface|  return value|
|ap_idle            |  out|    1|  ap_ctrl_hs|  ban_interface|  return value|
|ap_ready           |  out|    1|  ap_ctrl_hs|  ban_interface|  return value|
|ap_return          |  out|  128|  ap_ctrl_hs|  ban_interface|  return value|
|b_op1_i            |   in|  128|     ap_ovld|          b_op1|       pointer|
|b_op1_o            |  out|  128|     ap_ovld|          b_op1|       pointer|
|b_op1_o_ap_vld     |  out|    1|     ap_ovld|          b_op1|       pointer|
|b_op2              |   in|  128|     ap_none|          b_op2|       pointer|
|f_op               |   in|   32|     ap_none|           f_op|        scalar|
|op                 |   in|   32|     ap_none|             op|        scalar|
+-------------------+-----+-----+------------+---------------+--------------+

